Archive member included because of file (symbol)

f:/material/nti/program/sdk_win_64/sdk_win_64/winavr/bin/../lib/gcc/avr/4.3.3/avr5\libgcc.a(_mulsi3.o)
                              ./main.o (__mulsi3)
f:/material/nti/program/sdk_win_64/sdk_win_64/winavr/bin/../lib/gcc/avr/4.3.3/avr5\libgcc.a(_udivmodhi4.o)
                              ./Free_RTOS/queue.o (__udivmodhi4)
f:/material/nti/program/sdk_win_64/sdk_win_64/winavr/bin/../lib/gcc/avr/4.3.3/avr5\libgcc.a(_udivmodsi4.o)
                              ./LCD.o (__udivmodsi4)
f:/material/nti/program/sdk_win_64/sdk_win_64/winavr/bin/../lib/gcc/avr/4.3.3/avr5\libgcc.a(_exit.o)
                              f:/material/nti/program/sdk_win_64/sdk_win_64/winavr/bin/../lib/gcc/avr/4.3.3/../../../../avr/lib/avr5/crtm32.o (exit)
f:/material/nti/program/sdk_win_64/sdk_win_64/winavr/bin/../lib/gcc/avr/4.3.3/avr5\libgcc.a(_copy_data.o)
                              ./Free_RTOS/tasks.o (__do_copy_data)
f:/material/nti/program/sdk_win_64/sdk_win_64/winavr/bin/../lib/gcc/avr/4.3.3/avr5\libgcc.a(_clear_bss.o)
                              ./Free_RTOS/heap_1.o (__do_clear_bss)
f:/material/nti/program/sdk_win_64/sdk_win_64/winavr/bin/../lib/gcc/avr/4.3.3/avr5\libgcc.a(_muldi3.o)
                              ./main.o (__muldi3)
f:/material/nti/program/sdk_win_64/sdk_win_64/winavr/bin/../lib/gcc/avr/4.3.3/avr5\libgcc.a(_fixunssfsi.o)
                              ./LCD.o (__fixunssfsi)
f:/material/nti/program/sdk_win_64/sdk_win_64/winavr/bin/../lib/gcc/avr/4.3.3/avr5\libgcc.a(_addsub_sf.o)
                              f:/material/nti/program/sdk_win_64/sdk_win_64/winavr/bin/../lib/gcc/avr/4.3.3/avr5\libgcc.a(_fixunssfsi.o) (__subsf3)
f:/material/nti/program/sdk_win_64/sdk_win_64/winavr/bin/../lib/gcc/avr/4.3.3/avr5\libgcc.a(_mul_sf.o)
                              ./LCD.o (__mulsf3)
f:/material/nti/program/sdk_win_64/sdk_win_64/winavr/bin/../lib/gcc/avr/4.3.3/avr5\libgcc.a(_div_sf.o)
                              ./LCD.o (__divsf3)
f:/material/nti/program/sdk_win_64/sdk_win_64/winavr/bin/../lib/gcc/avr/4.3.3/avr5\libgcc.a(_gt_sf.o)
                              ./LCD.o (__gtsf2)
f:/material/nti/program/sdk_win_64/sdk_win_64/winavr/bin/../lib/gcc/avr/4.3.3/avr5\libgcc.a(_ge_sf.o)
                              f:/material/nti/program/sdk_win_64/sdk_win_64/winavr/bin/../lib/gcc/avr/4.3.3/avr5\libgcc.a(_fixunssfsi.o) (__gesf2)
f:/material/nti/program/sdk_win_64/sdk_win_64/winavr/bin/../lib/gcc/avr/4.3.3/avr5\libgcc.a(_lt_sf.o)
                              ./LCD.o (__ltsf2)
f:/material/nti/program/sdk_win_64/sdk_win_64/winavr/bin/../lib/gcc/avr/4.3.3/avr5\libgcc.a(_sf_to_si.o)
                              f:/material/nti/program/sdk_win_64/sdk_win_64/winavr/bin/../lib/gcc/avr/4.3.3/avr5\libgcc.a(_fixunssfsi.o) (__fixsfsi)
f:/material/nti/program/sdk_win_64/sdk_win_64/winavr/bin/../lib/gcc/avr/4.3.3/avr5\libgcc.a(_thenan_sf.o)
                              f:/material/nti/program/sdk_win_64/sdk_win_64/winavr/bin/../lib/gcc/avr/4.3.3/avr5\libgcc.a(_addsub_sf.o) (__thenan_sf)
f:/material/nti/program/sdk_win_64/sdk_win_64/winavr/bin/../lib/gcc/avr/4.3.3/avr5\libgcc.a(_prologue.o)
                              f:/material/nti/program/sdk_win_64/sdk_win_64/winavr/bin/../lib/gcc/avr/4.3.3/avr5\libgcc.a(_muldi3.o) (__prologue_saves__)
f:/material/nti/program/sdk_win_64/sdk_win_64/winavr/bin/../lib/gcc/avr/4.3.3/avr5\libgcc.a(_epilogue.o)
                              f:/material/nti/program/sdk_win_64/sdk_win_64/winavr/bin/../lib/gcc/avr/4.3.3/avr5\libgcc.a(_muldi3.o) (__epilogue_restores__)
f:/material/nti/program/sdk_win_64/sdk_win_64/winavr/bin/../lib/gcc/avr/4.3.3/avr5\libgcc.a(_pack_sf.o)
                              f:/material/nti/program/sdk_win_64/sdk_win_64/winavr/bin/../lib/gcc/avr/4.3.3/avr5\libgcc.a(_addsub_sf.o) (__pack_f)
f:/material/nti/program/sdk_win_64/sdk_win_64/winavr/bin/../lib/gcc/avr/4.3.3/avr5\libgcc.a(_unpack_sf.o)
                              f:/material/nti/program/sdk_win_64/sdk_win_64/winavr/bin/../lib/gcc/avr/4.3.3/avr5\libgcc.a(_addsub_sf.o) (__unpack_f)
f:/material/nti/program/sdk_win_64/sdk_win_64/winavr/bin/../lib/gcc/avr/4.3.3/avr5\libgcc.a(_fpcmp_parts_sf.o)
                              f:/material/nti/program/sdk_win_64/sdk_win_64/winavr/bin/../lib/gcc/avr/4.3.3/avr5\libgcc.a(_gt_sf.o) (__fpcmp_parts_f)
f:/material/nti/program/sdk_win_64/sdk_win_64/winavr/bin/../lib/gcc/avr/4.3.3/../../../../avr/lib/avr5\libc.a(memcpy.o)
                              ./Free_RTOS/queue.o (memcpy)
f:/material/nti/program/sdk_win_64/sdk_win_64/winavr/bin/../lib/gcc/avr/4.3.3/../../../../avr/lib/avr5\libc.a(memset.o)
                              ./Free_RTOS/stream_buffer.o (memset)

Allocating common symbols
Common symbol       size              file

LCDSem              0x2               ./main.o
CardSem             0x2               ./main.o
ptr                 0x2               ./main.o
OptionSem           0x2               ./main.o
ExitSem             0x2               ./main.o
PassSem             0x2               ./main.o
BalanceSem          0x2               ./main.o
CashSem             0x2               ./main.o

Memory Configuration

Name             Origin             Length             Attributes
text             0x00000000         0x00020000         xr
data             0x00800060         0x0000ffa0         rw !x
eeprom           0x00810000         0x00010000         rw !x
fuse             0x00820000         0x00000400         rw !x
lock             0x00830000         0x00000400         rw !x
signature        0x00840000         0x00000400         rw !x
*default*        0x00000000         0xffffffff

Linker script and memory map

LOAD f:/material/nti/program/sdk_win_64/sdk_win_64/winavr/bin/../lib/gcc/avr/4.3.3/../../../../avr/lib/avr5/crtm32.o
LOAD ./MCAL/MDIO/MDIO_Program.o
LOAD ./Free_RTOS/croutine.o
LOAD ./Free_RTOS/event_groups.o
LOAD ./Free_RTOS/heap_1.o
LOAD ./Free_RTOS/list.o
LOAD ./Free_RTOS/port.o
LOAD ./Free_RTOS/queue.o
LOAD ./Free_RTOS/stream_buffer.o
LOAD ./Free_RTOS/tasks.o
LOAD ./Free_RTOS/timers.o
LOAD ./LCD.o
LOAD ./key.o
LOAD ./main.o
LOAD f:/material/nti/program/sdk_win_64/sdk_win_64/winavr/bin/../lib/gcc/avr/4.3.3/avr5\libgcc.a
LOAD f:/material/nti/program/sdk_win_64/sdk_win_64/winavr/bin/../lib/gcc/avr/4.3.3/../../../../avr/lib/avr5\libc.a
LOAD f:/material/nti/program/sdk_win_64/sdk_win_64/winavr/bin/../lib/gcc/avr/4.3.3/avr5\libgcc.a

.hash
 *(.hash)

.dynsym
 *(.dynsym)

.dynstr
 *(.dynstr)

.gnu.version
 *(.gnu.version)

.gnu.version_d
 *(.gnu.version_d)

.gnu.version_r
 *(.gnu.version_r)

.rel.init
 *(.rel.init)

.rela.init
 *(.rela.init)

.rel.text
 *(.rel.text)
 *(.rel.text.*)
 *(.rel.gnu.linkonce.t*)

.rela.text
 *(.rela.text)
 *(.rela.text.*)
 *(.rela.gnu.linkonce.t*)

.rel.fini
 *(.rel.fini)

.rela.fini
 *(.rela.fini)

.rel.rodata
 *(.rel.rodata)
 *(.rel.rodata.*)
 *(.rel.gnu.linkonce.r*)

.rela.rodata
 *(.rela.rodata)
 *(.rela.rodata.*)
 *(.rela.gnu.linkonce.r*)

.rel.data
 *(.rel.data)
 *(.rel.data.*)
 *(.rel.gnu.linkonce.d*)

.rela.data
 *(.rela.data)
 *(.rela.data.*)
 *(.rela.gnu.linkonce.d*)

.rel.ctors
 *(.rel.ctors)

.rela.ctors
 *(.rela.ctors)

.rel.dtors
 *(.rel.dtors)

.rela.dtors
 *(.rela.dtors)

.rel.got
 *(.rel.got)

.rela.got
 *(.rela.got)

.rel.bss
 *(.rel.bss)

.rela.bss
 *(.rela.bss)

.rel.plt
 *(.rel.plt)

.rela.plt
 *(.rela.plt)

.text           0x00000000     0x85d0
 *(.vectors)
 .vectors       0x00000000       0x54 f:/material/nti/program/sdk_win_64/sdk_win_64/winavr/bin/../lib/gcc/avr/4.3.3/../../../../avr/lib/avr5/crtm32.o
                0x00000000                __vectors
                0x00000000                __vector_default
 *(.vectors)
 *(.progmem.gcc*)
 *(.progmem*)
                0x00000054                . = ALIGN (0x2)
                0x00000054                __trampolines_start = .
 *(.trampolines)
 .trampolines   0x00000054        0x0 linker stubs
 *(.trampolines*)
                0x00000054                __trampolines_end = .
 *(.jumptables)
 *(.jumptables*)
 *(.lowtext)
 *(.lowtext*)
                0x00000054                __ctors_start = .
 *(.ctors)
                0x00000054                __ctors_end = .
                0x00000054                __dtors_start = .
 *(.dtors)
                0x00000054                __dtors_end = .
 SORT(*)(.ctors)
 SORT(*)(.dtors)
 *(.init0)
 .init0         0x00000054        0x0 f:/material/nti/program/sdk_win_64/sdk_win_64/winavr/bin/../lib/gcc/avr/4.3.3/../../../../avr/lib/avr5/crtm32.o
                0x00000054                __init
 *(.init0)
 *(.init1)
 *(.init1)
 *(.init2)
 .init2         0x00000054        0xc f:/material/nti/program/sdk_win_64/sdk_win_64/winavr/bin/../lib/gcc/avr/4.3.3/../../../../avr/lib/avr5/crtm32.o
 *(.init2)
 *(.init3)
 *(.init3)
 *(.init4)
 .init4         0x00000060       0x16 f:/material/nti/program/sdk_win_64/sdk_win_64/winavr/bin/../lib/gcc/avr/4.3.3/avr5\libgcc.a(_copy_data.o)
                0x00000060                __do_copy_data
 .init4         0x00000076       0x10 f:/material/nti/program/sdk_win_64/sdk_win_64/winavr/bin/../lib/gcc/avr/4.3.3/avr5\libgcc.a(_clear_bss.o)
                0x00000076                __do_clear_bss
 *(.init4)
 *(.init5)
 *(.init5)
 *(.init6)
 *(.init6)
 *(.init7)
 *(.init7)
 *(.init8)
 *(.init8)
 *(.init9)
 .init9         0x00000086        0x8 f:/material/nti/program/sdk_win_64/sdk_win_64/winavr/bin/../lib/gcc/avr/4.3.3/../../../../avr/lib/avr5/crtm32.o
 *(.init9)
 *(.text)
 .text          0x0000008e        0x4 f:/material/nti/program/sdk_win_64/sdk_win_64/winavr/bin/../lib/gcc/avr/4.3.3/../../../../avr/lib/avr5/crtm32.o
                0x0000008e                __vector_1
                0x0000008e                __vector_12
                0x0000008e                __bad_interrupt
                0x0000008e                __vector_6
                0x0000008e                __vector_3
                0x0000008e                __vector_11
                0x0000008e                __vector_13
                0x0000008e                __vector_17
                0x0000008e                __vector_19
                0x0000008e                __vector_5
                0x0000008e                __vector_4
                0x0000008e                __vector_9
                0x0000008e                __vector_2
                0x0000008e                __vector_15
                0x0000008e                __vector_8
                0x0000008e                __vector_14
                0x0000008e                __vector_10
                0x0000008e                __vector_16
                0x0000008e                __vector_18
                0x0000008e                __vector_20
 .text          0x00000092        0x0 ./MCAL/MDIO/MDIO_Program.o
 .text          0x00000092        0x0 ./Free_RTOS/croutine.o
 .text          0x00000092        0x0 ./Free_RTOS/event_groups.o
 .text          0x00000092        0x0 ./Free_RTOS/heap_1.o
 .text          0x00000092        0x0 ./Free_RTOS/list.o
 .text          0x00000092        0x0 ./Free_RTOS/port.o
 .text          0x00000092        0x0 ./Free_RTOS/queue.o
 .text          0x00000092        0x0 ./Free_RTOS/stream_buffer.o
 .text          0x00000092        0x0 ./Free_RTOS/tasks.o
 .text          0x00000092        0x0 ./Free_RTOS/timers.o
 .text          0x00000092        0x0 ./LCD.o
 .text          0x00000092        0x0 ./key.o
 .text          0x00000092        0x0 ./main.o
 .text          0x00000092        0x0 f:/material/nti/program/sdk_win_64/sdk_win_64/winavr/bin/../lib/gcc/avr/4.3.3/avr5\libgcc.a(_mulsi3.o)
 .text          0x00000092        0x0 f:/material/nti/program/sdk_win_64/sdk_win_64/winavr/bin/../lib/gcc/avr/4.3.3/avr5\libgcc.a(_udivmodhi4.o)
 .text          0x00000092        0x0 f:/material/nti/program/sdk_win_64/sdk_win_64/winavr/bin/../lib/gcc/avr/4.3.3/avr5\libgcc.a(_udivmodsi4.o)
 .text          0x00000092        0x0 f:/material/nti/program/sdk_win_64/sdk_win_64/winavr/bin/../lib/gcc/avr/4.3.3/avr5\libgcc.a(_exit.o)
 .text          0x00000092        0x0 f:/material/nti/program/sdk_win_64/sdk_win_64/winavr/bin/../lib/gcc/avr/4.3.3/avr5\libgcc.a(_copy_data.o)
 .text          0x00000092        0x0 f:/material/nti/program/sdk_win_64/sdk_win_64/winavr/bin/../lib/gcc/avr/4.3.3/avr5\libgcc.a(_clear_bss.o)
 .text          0x00000092      0x1f6 f:/material/nti/program/sdk_win_64/sdk_win_64/winavr/bin/../lib/gcc/avr/4.3.3/avr5\libgcc.a(_muldi3.o)
                0x00000092                __muldi3
 .text          0x00000288       0x58 f:/material/nti/program/sdk_win_64/sdk_win_64/winavr/bin/../lib/gcc/avr/4.3.3/avr5\libgcc.a(_fixunssfsi.o)
                0x00000288                __fixunssfsi
 .text          0x000002e0      0x354 f:/material/nti/program/sdk_win_64/sdk_win_64/winavr/bin/../lib/gcc/avr/4.3.3/avr5\libgcc.a(_addsub_sf.o)
                0x00000578                __subsf3
                0x000005da                __addsf3
 .text          0x00000634      0x1f4 f:/material/nti/program/sdk_win_64/sdk_win_64/winavr/bin/../lib/gcc/avr/4.3.3/avr5\libgcc.a(_mul_sf.o)
                0x00000634                __mulsf3
 .text          0x00000828      0x158 f:/material/nti/program/sdk_win_64/sdk_win_64/winavr/bin/../lib/gcc/avr/4.3.3/avr5\libgcc.a(_div_sf.o)
                0x00000828                __divsf3
 .text          0x00000980       0x60 f:/material/nti/program/sdk_win_64/sdk_win_64/winavr/bin/../lib/gcc/avr/4.3.3/avr5\libgcc.a(_gt_sf.o)
                0x00000980                __gtsf2
 .text          0x000009e0       0x60 f:/material/nti/program/sdk_win_64/sdk_win_64/winavr/bin/../lib/gcc/avr/4.3.3/avr5\libgcc.a(_ge_sf.o)
                0x000009e0                __gesf2
 .text          0x00000a40       0x60 f:/material/nti/program/sdk_win_64/sdk_win_64/winavr/bin/../lib/gcc/avr/4.3.3/avr5\libgcc.a(_lt_sf.o)
                0x00000a40                __ltsf2
 .text          0x00000aa0       0xa8 f:/material/nti/program/sdk_win_64/sdk_win_64/winavr/bin/../lib/gcc/avr/4.3.3/avr5\libgcc.a(_sf_to_si.o)
                0x00000aa0                __fixsfsi
 .text          0x00000b48        0x0 f:/material/nti/program/sdk_win_64/sdk_win_64/winavr/bin/../lib/gcc/avr/4.3.3/avr5\libgcc.a(_thenan_sf.o)
 .text          0x00000b48        0x0 f:/material/nti/program/sdk_win_64/sdk_win_64/winavr/bin/../lib/gcc/avr/4.3.3/avr5\libgcc.a(_prologue.o)
 .text          0x00000b48        0x0 f:/material/nti/program/sdk_win_64/sdk_win_64/winavr/bin/../lib/gcc/avr/4.3.3/avr5\libgcc.a(_epilogue.o)
 .text          0x00000b48      0x1aa f:/material/nti/program/sdk_win_64/sdk_win_64/winavr/bin/../lib/gcc/avr/4.3.3/avr5\libgcc.a(_pack_sf.o)
                0x00000b48                __pack_f
 .text          0x00000cf2       0xf0 f:/material/nti/program/sdk_win_64/sdk_win_64/winavr/bin/../lib/gcc/avr/4.3.3/avr5\libgcc.a(_unpack_sf.o)
                0x00000cf2                __unpack_f
 .text          0x00000de2       0xb2 f:/material/nti/program/sdk_win_64/sdk_win_64/winavr/bin/../lib/gcc/avr/4.3.3/avr5\libgcc.a(_fpcmp_parts_sf.o)
                0x00000de2                __fpcmp_parts_f
 .text          0x00000e94        0x0 f:/material/nti/program/sdk_win_64/sdk_win_64/winavr/bin/../lib/gcc/avr/4.3.3/../../../../avr/lib/avr5\libc.a(memcpy.o)
 .text          0x00000e94        0x0 f:/material/nti/program/sdk_win_64/sdk_win_64/winavr/bin/../lib/gcc/avr/4.3.3/../../../../avr/lib/avr5\libc.a(memset.o)
                0x00000e94                . = ALIGN (0x2)
 *(.text.*)
 .text.MDIO_Error_State_SetPinDirection
                0x00000e94      0x206 ./MCAL/MDIO/MDIO_Program.o
                0x00000e94                MDIO_Error_State_SetPinDirection
 .text.MDIO_Error_State_SetPortDirection
                0x0000109a       0xa0 ./MCAL/MDIO/MDIO_Program.o
                0x0000109a                MDIO_Error_State_SetPortDirection
 .text.MDIO_Error_State_SetPinValue
                0x0000113a      0x206 ./MCAL/MDIO/MDIO_Program.o
                0x0000113a                MDIO_Error_State_SetPinValue
 .text.MDIO_Error_State_SetPortValue
                0x00001340       0x90 ./MCAL/MDIO/MDIO_Program.o
                0x00001340                MDIO_Error_State_SetPortValue
 .text.MDIO_Error_State_GetPinValue
                0x000013d0      0x130 ./MCAL/MDIO/MDIO_Program.o
                0x000013d0                MDIO_Error_State_GetPinValue
 .text.MDIO_Error_State_SetNippleValue
                0x00001500      0x164 ./MCAL/MDIO/MDIO_Program.o
                0x00001500                MDIO_Error_State_SetNippleValue
 .text.xEventGroupCreate
                0x00001664       0x3e ./Free_RTOS/event_groups.o
                0x00001664                xEventGroupCreate
 .text.xEventGroupSync
                0x000016a2      0x172 ./Free_RTOS/event_groups.o
                0x000016a2                xEventGroupSync
 .text.xEventGroupWaitBits
                0x00001814      0x18c ./Free_RTOS/event_groups.o
                0x00001814                xEventGroupWaitBits
 .text.xEventGroupClearBits
                0x000019a0       0x6c ./Free_RTOS/event_groups.o
                0x000019a0                xEventGroupClearBits
 .text.xEventGroupGetBitsFromISR
                0x00001a0c       0x44 ./Free_RTOS/event_groups.o
                0x00001a0c                xEventGroupGetBitsFromISR
 .text.xEventGroupSetBits
                0x00001a50      0x164 ./Free_RTOS/event_groups.o
                0x00001a50                xEventGroupSetBits
 .text.vEventGroupDelete
                0x00001bb4       0x62 ./Free_RTOS/event_groups.o
                0x00001bb4                vEventGroupDelete
 .text.vEventGroupSetBitsCallback
                0x00001c16       0x3a ./Free_RTOS/event_groups.o
                0x00001c16                vEventGroupSetBitsCallback
 .text.vEventGroupClearBitsCallback
                0x00001c50       0x3a ./Free_RTOS/event_groups.o
                0x00001c50                vEventGroupClearBitsCallback
 .text.prvTestWaitCondition
                0x00001c8a       0x64 ./Free_RTOS/event_groups.o
 .text.pvPortMalloc
                0x00001cee       0xb4 ./Free_RTOS/heap_1.o
                0x00001cee                pvPortMalloc
 .text.vPortFree
                0x00001da2       0x18 ./Free_RTOS/heap_1.o
                0x00001da2                vPortFree
 .text.vPortInitialiseBlocks
                0x00001dba       0x16 ./Free_RTOS/heap_1.o
                0x00001dba                vPortInitialiseBlocks
 .text.xPortGetFreeHeapSize
                0x00001dd0       0x1e ./Free_RTOS/heap_1.o
                0x00001dd0                xPortGetFreeHeapSize
 .text.vListInitialise
                0x00001dee       0x54 ./Free_RTOS/list.o
                0x00001dee                vListInitialise
 .text.vListInitialiseItem
                0x00001e42       0x20 ./Free_RTOS/list.o
                0x00001e42                vListInitialiseItem
 .text.vListInsertEnd
                0x00001e62       0x88 ./Free_RTOS/list.o
                0x00001e62                vListInsertEnd
 .text.vListInsert
                0x00001eea       0xd8 ./Free_RTOS/list.o
                0x00001eea                vListInsert
 .text.uxListRemove
                0x00001fc2       0x98 ./Free_RTOS/list.o
                0x00001fc2                uxListRemove
 .text.pxPortInitialiseStack
                0x0000205a      0x306 ./Free_RTOS/port.o
                0x0000205a                pxPortInitialiseStack
 .text.xPortStartScheduler
                0x00002360       0x6a ./Free_RTOS/port.o
                0x00002360                xPortStartScheduler
 .text.vPortEndScheduler
                0x000023ca        0xe ./Free_RTOS/port.o
                0x000023ca                vPortEndScheduler
 .text.vPortYield
                0x000023d8       0xb2 ./Free_RTOS/port.o
                0x000023d8                vPortYield
 .text.vPortYieldFromTick
                0x0000248a       0xba ./Free_RTOS/port.o
                0x0000248a                vPortYieldFromTick
 .text.prvSetupTimerInterrupt
                0x00002544       0xb8 ./Free_RTOS/port.o
 .text.__vector_7
                0x000025fc        0x6 ./Free_RTOS/port.o
                0x000025fc                __vector_7
 .text.xQueueGenericReset
                0x00002602      0x156 ./Free_RTOS/queue.o
                0x00002602                xQueueGenericReset
 .text.xQueueGenericCreate
                0x00002758       0xe8 ./Free_RTOS/queue.o
                0x00002758                xQueueGenericCreate
 .text.prvInitialiseNewQueue
                0x00002840       0x76 ./Free_RTOS/queue.o
 .text.xQueueCreateCountingSemaphore
                0x000028b6       0x52 ./Free_RTOS/queue.o
                0x000028b6                xQueueCreateCountingSemaphore
 .text.xQueueGenericSend
                0x00002908      0x158 ./Free_RTOS/queue.o
                0x00002908                xQueueGenericSend
 .text.xQueueGenericSendFromISR
                0x00002a60       0xb8 ./Free_RTOS/queue.o
                0x00002a60                xQueueGenericSendFromISR
 .text.xQueueGiveFromISR
                0x00002b18       0xa2 ./Free_RTOS/queue.o
                0x00002b18                xQueueGiveFromISR
 .text.xQueueReceive
                0x00002bba      0x156 ./Free_RTOS/queue.o
                0x00002bba                xQueueReceive
 .text.xQueueSemaphoreTake
                0x00002d10      0x144 ./Free_RTOS/queue.o
                0x00002d10                xQueueSemaphoreTake
 .text.xQueuePeek
                0x00002e54      0x164 ./Free_RTOS/queue.o
                0x00002e54                xQueuePeek
 .text.xQueueReceiveFromISR
                0x00002fb8       0xae ./Free_RTOS/queue.o
                0x00002fb8                xQueueReceiveFromISR
 .text.xQueuePeekFromISR
                0x00003066       0x72 ./Free_RTOS/queue.o
                0x00003066                xQueuePeekFromISR
 .text.uxQueueMessagesWaiting
                0x000030d8       0x30 ./Free_RTOS/queue.o
                0x000030d8                uxQueueMessagesWaiting
 .text.uxQueueSpacesAvailable
                0x00003108       0x4a ./Free_RTOS/queue.o
                0x00003108                uxQueueSpacesAvailable
 .text.uxQueueMessagesWaitingFromISR
                0x00003152       0x34 ./Free_RTOS/queue.o
                0x00003152                uxQueueMessagesWaitingFromISR
 .text.vQueueDelete
                0x00003186       0x2e ./Free_RTOS/queue.o
                0x00003186                vQueueDelete
 .text.prvCopyDataToQueue
                0x000031b4      0x14c ./Free_RTOS/queue.o
 .text.prvCopyDataFromQueue
                0x00003300       0x8e ./Free_RTOS/queue.o
 .text.prvUnlockQueue
                0x0000338e       0xa6 ./Free_RTOS/queue.o
 .text.prvIsQueueEmpty
                0x00003434       0x3a ./Free_RTOS/queue.o
 .text.xQueueIsQueueEmptyFromISR
                0x0000346e       0x3e ./Free_RTOS/queue.o
                0x0000346e                xQueueIsQueueEmptyFromISR
 .text.prvIsQueueFull
                0x000034ac       0x40 ./Free_RTOS/queue.o
 .text.xQueueIsQueueFullFromISR
                0x000034ec       0x44 ./Free_RTOS/queue.o
                0x000034ec                xQueueIsQueueFullFromISR
 .text.xStreamBufferGenericCreate
                0x00003530       0xb2 ./Free_RTOS/stream_buffer.o
                0x00003530                xStreamBufferGenericCreate
 .text.vStreamBufferDelete
                0x000035e2       0x52 ./Free_RTOS/stream_buffer.o
                0x000035e2                vStreamBufferDelete
 .text.xStreamBufferReset
                0x00003634       0x84 ./Free_RTOS/stream_buffer.o
                0x00003634                xStreamBufferReset
 .text.xStreamBufferSetTriggerLevel
                0x000036b8       0x6e ./Free_RTOS/stream_buffer.o
                0x000036b8                xStreamBufferSetTriggerLevel
 .text.xStreamBufferSpacesAvailable
                0x00003726       0xb0 ./Free_RTOS/stream_buffer.o
                0x00003726                xStreamBufferSpacesAvailable
 .text.xStreamBufferBytesAvailable
                0x000037d6       0x3c ./Free_RTOS/stream_buffer.o
                0x000037d6                xStreamBufferBytesAvailable
 .text.xStreamBufferSend
                0x00003812      0x1dc ./Free_RTOS/stream_buffer.o
                0x00003812                xStreamBufferSend
 .text.xStreamBufferSendFromISR
                0x000039ee      0x104 ./Free_RTOS/stream_buffer.o
                0x000039ee                xStreamBufferSendFromISR
 .text.prvWriteMessageToBuffer
                0x00003af2       0xee ./Free_RTOS/stream_buffer.o
 .text.xStreamBufferReceive
                0x00003be0      0x17c ./Free_RTOS/stream_buffer.o
                0x00003be0                xStreamBufferReceive
 .text.xStreamBufferNextMessageLengthBytes
                0x00003d5c       0x92 ./Free_RTOS/stream_buffer.o
                0x00003d5c                xStreamBufferNextMessageLengthBytes
 .text.xStreamBufferReceiveFromISR
                0x00003dee       0xf0 ./Free_RTOS/stream_buffer.o
                0x00003dee                xStreamBufferReceiveFromISR
 .text.prvReadMessageFromBuffer
                0x00003ede       0xfc ./Free_RTOS/stream_buffer.o
 .text.xStreamBufferIsEmpty
                0x00003fda       0x5a ./Free_RTOS/stream_buffer.o
                0x00003fda                xStreamBufferIsEmpty
 .text.xStreamBufferIsFull
                0x00004034       0x70 ./Free_RTOS/stream_buffer.o
                0x00004034                xStreamBufferIsFull
 .text.xStreamBufferSendCompletedFromISR
                0x000040a4       0x8c ./Free_RTOS/stream_buffer.o
                0x000040a4                xStreamBufferSendCompletedFromISR
 .text.xStreamBufferReceiveCompletedFromISR
                0x00004130       0x8c ./Free_RTOS/stream_buffer.o
                0x00004130                xStreamBufferReceiveCompletedFromISR
 .text.prvWriteBytesToBuffer
                0x000041bc      0x106 ./Free_RTOS/stream_buffer.o
 .text.prvReadBytesFromBuffer
                0x000042c2      0x10a ./Free_RTOS/stream_buffer.o
 .text.prvBytesInBuffer
                0x000043cc       0x74 ./Free_RTOS/stream_buffer.o
 .text.prvInitialiseNewStreamBuffer
                0x00004440       0x78 ./Free_RTOS/stream_buffer.o
 .text.xTaskCreate
                0x000044b8       0xf0 ./Free_RTOS/tasks.o
                0x000044b8                xTaskCreate
 .text.prvInitialiseNewTask
                0x000045a8      0x18a ./Free_RTOS/tasks.o
 .text.prvAddNewTaskToReadyList
                0x00004732      0x17a ./Free_RTOS/tasks.o
 .text.vTaskDelete
                0x000048ac       0xf6 ./Free_RTOS/tasks.o
                0x000048ac                vTaskDelete
 .text.xTaskDelayUntil
                0x000049a2       0xe6 ./Free_RTOS/tasks.o
                0x000049a2                xTaskDelayUntil
 .text.vTaskDelay
                0x00004a88       0x44 ./Free_RTOS/tasks.o
                0x00004a88                vTaskDelay
 .text.vTaskStartScheduler
                0x00004acc       0x6a ./Free_RTOS/tasks.o
                0x00004acc                vTaskStartScheduler
 .text.vTaskEndScheduler
                0x00004b36       0x18 ./Free_RTOS/tasks.o
                0x00004b36                vTaskEndScheduler
 .text.vTaskSuspendAll
                0x00004b4e       0x18 ./Free_RTOS/tasks.o
                0x00004b4e                vTaskSuspendAll
 .text.xTaskResumeAll
                0x00004b66      0x2a0 ./Free_RTOS/tasks.o
                0x00004b66                xTaskResumeAll
 .text.xTaskGetTickCount
                0x00004e06       0x2e ./Free_RTOS/tasks.o
                0x00004e06                xTaskGetTickCount
 .text.xTaskGetTickCountFromISR
                0x00004e34       0x2a ./Free_RTOS/tasks.o
                0x00004e34                xTaskGetTickCountFromISR
 .text.uxTaskGetNumberOfTasks
                0x00004e5e       0x12 ./Free_RTOS/tasks.o
                0x00004e5e                uxTaskGetNumberOfTasks
 .text.pcTaskGetName
                0x00004e70       0x50 ./Free_RTOS/tasks.o
                0x00004e70                pcTaskGetName
 .text.xTaskCatchUpTicks
                0x00004ec0       0x40 ./Free_RTOS/tasks.o
                0x00004ec0                xTaskCatchUpTicks
 .text.xTaskIncrementTick
                0x00004f00      0x32e ./Free_RTOS/tasks.o
                0x00004f00                xTaskIncrementTick
 .text.vTaskSwitchContext
                0x0000522e       0xda ./Free_RTOS/tasks.o
                0x0000522e                vTaskSwitchContext
 .text.vTaskPlaceOnEventList
                0x00005308       0x44 ./Free_RTOS/tasks.o
                0x00005308                vTaskPlaceOnEventList
 .text.vTaskPlaceOnUnorderedEventList
                0x0000534c       0xca ./Free_RTOS/tasks.o
                0x0000534c                vTaskPlaceOnUnorderedEventList
 .text.xTaskRemoveFromEventList
                0x00005416      0x288 ./Free_RTOS/tasks.o
                0x00005416                xTaskRemoveFromEventList
 .text.vTaskRemoveFromUnorderedEventList
                0x0000569e      0x21c ./Free_RTOS/tasks.o
                0x0000569e                vTaskRemoveFromUnorderedEventList
 .text.vTaskSetTimeOutState
                0x000058ba       0x3c ./Free_RTOS/tasks.o
                0x000058ba                vTaskSetTimeOutState
 .text.vTaskInternalSetTimeOutState
                0x000058f6       0x32 ./Free_RTOS/tasks.o
                0x000058f6                vTaskInternalSetTimeOutState
 .text.xTaskCheckForTimeOut
                0x00005928       0xce ./Free_RTOS/tasks.o
                0x00005928                xTaskCheckForTimeOut
 .text.vTaskMissedYield
                0x000059f6       0x14 ./Free_RTOS/tasks.o
                0x000059f6                vTaskMissedYield
 .text.prvIdleTask
                0x00005a0a       0x20 ./Free_RTOS/tasks.o
 .text.prvInitialiseTaskLists
                0x00005a2a       0x7a ./Free_RTOS/tasks.o
 .text.prvCheckTasksWaitingTermination
                0x00005aa4       0x5e ./Free_RTOS/tasks.o
 .text.prvDeleteTCB
                0x00005b02       0x2c ./Free_RTOS/tasks.o
 .text.prvResetNextTaskUnblockTime
                0x00005b2e       0x44 ./Free_RTOS/tasks.o
 .text.xTaskGetCurrentTaskHandle
                0x00005b72       0x24 ./Free_RTOS/tasks.o
                0x00005b72                xTaskGetCurrentTaskHandle
 .text.uxTaskResetEventItemValue
                0x00005b96       0x4e ./Free_RTOS/tasks.o
                0x00005b96                uxTaskResetEventItemValue
 .text.ulTaskGenericNotifyTake
                0x00005be4      0x16c ./Free_RTOS/tasks.o
                0x00005be4                ulTaskGenericNotifyTake
 .text.xTaskGenericNotifyWait
                0x00005d50      0x1ee ./Free_RTOS/tasks.o
                0x00005d50                xTaskGenericNotifyWait
 .text.xTaskGenericNotify
                0x00005f3e      0x37c ./Free_RTOS/tasks.o
                0x00005f3e                xTaskGenericNotify
 .text.xTaskGenericNotifyFromISR
                0x000062ba      0x3fe ./Free_RTOS/tasks.o
                0x000062ba                xTaskGenericNotifyFromISR
 .text.vTaskGenericNotifyGiveFromISR
                0x000066b8      0x2a0 ./Free_RTOS/tasks.o
                0x000066b8                vTaskGenericNotifyGiveFromISR
 .text.xTaskGenericNotifyStateClear
                0x00006958       0x92 ./Free_RTOS/tasks.o
                0x00006958                xTaskGenericNotifyStateClear
 .text.ulTaskGenericNotifyValueClear
                0x000069ea      0x104 ./Free_RTOS/tasks.o
                0x000069ea                ulTaskGenericNotifyValueClear
 .text.prvAddCurrentTaskToDelayedList
                0x00006aee       0xcc ./Free_RTOS/tasks.o
 .text.lcd_init
                0x00006bba      0x3de ./LCD.o
                0x00006bba                lcd_init
 .text.lcd_kick
                0x00006f98      0x126 ./LCD.o
                0x00006f98                lcd_kick
 .text.lcd_write_char
                0x000070be       0x40 ./LCD.o
                0x000070be                lcd_write_char
 .text.lcd_write_string
                0x000070fe       0x84 ./LCD.o
                0x000070fe                lcd_write_string
 .text.lcd_is_busy
                0x00007182       0x4a ./LCD.o
                0x00007182                lcd_is_busy
 .text.lcd_write_command
                0x000071cc       0x40 ./LCD.o
                0x000071cc                lcd_write_command
 .text.lcd_goto_xy
                0x0000720c       0x6c ./LCD.o
                0x0000720c                lcd_goto_xy
 .text.lcd_clear
                0x00007278       0x14 ./LCD.o
                0x00007278                lcd_clear
 .text.lcd_shift_right
                0x0000728c       0x14 ./LCD.o
                0x0000728c                lcd_shift_right
 .text.lcd_Write_Number
                0x000072a0      0x13e ./LCD.o
                0x000072a0                lcd_Write_Number
 .text.keypad_init
                0x000073de       0x32 ./key.o
                0x000073de                keypad_init
 .text.keypad_getchar
                0x00007410      0x2ac ./key.o
                0x00007410                keypad_getchar
 .text.power    0x000076bc       0xd6 ./main.o
                0x000076bc                power
 .text.chartoint
                0x00007792       0x2e ./main.o
                0x00007792                chartoint
 .text.main     0x000077c0      0x13c ./main.o
                0x000077c0                main
 .text.APP_VidWelcomeTask
                0x000078fc       0x98 ./main.o
                0x000078fc                APP_VidWelcomeTask
 .text.APP_VidGet_ID_From_Keypad
                0x00007994      0x65e ./main.o
                0x00007994                APP_VidGet_ID_From_Keypad
 .text.APP_VidGet_PASS_From_Keypad
                0x00007ff2      0x2ac ./main.o
                0x00007ff2                APP_VidGet_PASS_From_Keypad
 .text.APP_VidChoiceOption
                0x0000829e      0x128 ./main.o
                0x0000829e                APP_VidChoiceOption
 .text.APP_VidShowBalance
                0x000083c6       0x6e ./main.o
                0x000083c6                APP_VidShowBalance
 .text.APP_vidTaskExit
                0x00008434       0x60 ./main.o
                0x00008434                APP_vidTaskExit
 .text.libgcc   0x00008494       0x3e f:/material/nti/program/sdk_win_64/sdk_win_64/winavr/bin/../lib/gcc/avr/4.3.3/avr5\libgcc.a(_mulsi3.o)
                0x00008494                __mulsi3
 .text.libgcc   0x000084d2       0x28 f:/material/nti/program/sdk_win_64/sdk_win_64/winavr/bin/../lib/gcc/avr/4.3.3/avr5\libgcc.a(_udivmodhi4.o)
                0x000084d2                __udivmodhi4
 .text.libgcc   0x000084fa       0x44 f:/material/nti/program/sdk_win_64/sdk_win_64/winavr/bin/../lib/gcc/avr/4.3.3/avr5\libgcc.a(_udivmodsi4.o)
                0x000084fa                __udivmodsi4
 .text.libgcc   0x0000853e        0x0 f:/material/nti/program/sdk_win_64/sdk_win_64/winavr/bin/../lib/gcc/avr/4.3.3/avr5\libgcc.a(_exit.o)
 .text.libgcc   0x0000853e        0x0 f:/material/nti/program/sdk_win_64/sdk_win_64/winavr/bin/../lib/gcc/avr/4.3.3/avr5\libgcc.a(_copy_data.o)
 .text.libgcc   0x0000853e        0x0 f:/material/nti/program/sdk_win_64/sdk_win_64/winavr/bin/../lib/gcc/avr/4.3.3/avr5\libgcc.a(_clear_bss.o)
 .text.libgcc   0x0000853e       0x38 f:/material/nti/program/sdk_win_64/sdk_win_64/winavr/bin/../lib/gcc/avr/4.3.3/avr5\libgcc.a(_prologue.o)
                0x0000853e                __prologue_saves__
 .text.libgcc   0x00008576       0x36 f:/material/nti/program/sdk_win_64/sdk_win_64/winavr/bin/../lib/gcc/avr/4.3.3/avr5\libgcc.a(_epilogue.o)
                0x00008576                __epilogue_restores__
 .text.avr-libc
                0x000085ac       0x12 f:/material/nti/program/sdk_win_64/sdk_win_64/winavr/bin/../lib/gcc/avr/4.3.3/../../../../avr/lib/avr5\libc.a(memcpy.o)
                0x000085ac                memcpy
 .text.avr-libc
                0x000085be        0xe f:/material/nti/program/sdk_win_64/sdk_win_64/winavr/bin/../lib/gcc/avr/4.3.3/../../../../avr/lib/avr5\libc.a(memset.o)
                0x000085be                memset
                0x000085cc                . = ALIGN (0x2)
 *(.fini9)
 .fini9         0x000085cc        0x0 f:/material/nti/program/sdk_win_64/sdk_win_64/winavr/bin/../lib/gcc/avr/4.3.3/avr5\libgcc.a(_exit.o)
                0x000085cc                exit
                0x000085cc                _exit
 *(.fini9)
 *(.fini8)
 *(.fini8)
 *(.fini7)
 *(.fini7)
 *(.fini6)
 *(.fini6)
 *(.fini5)
 *(.fini5)
 *(.fini4)
 *(.fini4)
 *(.fini3)
 *(.fini3)
 *(.fini2)
 *(.fini2)
 *(.fini1)
 *(.fini1)
 *(.fini0)
 .fini0         0x000085cc        0x4 f:/material/nti/program/sdk_win_64/sdk_win_64/winavr/bin/../lib/gcc/avr/4.3.3/avr5\libgcc.a(_exit.o)
 *(.fini0)
                0x000085d0                _etext = .

.data           0x00800060      0x146 load address 0x000085d0
                0x00800060                PROVIDE (__data_start, .)
 *(.data)
 .data          0x00800060        0x0 f:/material/nti/program/sdk_win_64/sdk_win_64/winavr/bin/../lib/gcc/avr/4.3.3/../../../../avr/lib/avr5/crtm32.o
 .data          0x00800060        0x0 ./MCAL/MDIO/MDIO_Program.o
 .data          0x00800060        0x0 ./Free_RTOS/croutine.o
 .data          0x00800060        0x0 ./Free_RTOS/event_groups.o
 .data          0x00800060        0x0 ./Free_RTOS/heap_1.o
 .data          0x00800060        0x0 ./Free_RTOS/list.o
 .data          0x00800060        0x0 ./Free_RTOS/port.o
 .data          0x00800060        0x0 ./Free_RTOS/queue.o
 .data          0x00800060        0x0 ./Free_RTOS/stream_buffer.o
 .data          0x00800060        0x5 ./Free_RTOS/tasks.o
 .data          0x00800065        0x0 ./Free_RTOS/timers.o
 .data          0x00800065        0x0 ./LCD.o
 .data          0x00800065        0x0 ./key.o
 .data          0x00800065       0x7d ./main.o
 .data          0x008000e2        0x0 f:/material/nti/program/sdk_win_64/sdk_win_64/winavr/bin/../lib/gcc/avr/4.3.3/avr5\libgcc.a(_mulsi3.o)
 .data          0x008000e2        0x0 f:/material/nti/program/sdk_win_64/sdk_win_64/winavr/bin/../lib/gcc/avr/4.3.3/avr5\libgcc.a(_udivmodhi4.o)
 .data          0x008000e2        0x0 f:/material/nti/program/sdk_win_64/sdk_win_64/winavr/bin/../lib/gcc/avr/4.3.3/avr5\libgcc.a(_udivmodsi4.o)
 .data          0x008000e2        0x0 f:/material/nti/program/sdk_win_64/sdk_win_64/winavr/bin/../lib/gcc/avr/4.3.3/avr5\libgcc.a(_exit.o)
 .data          0x008000e2        0x0 f:/material/nti/program/sdk_win_64/sdk_win_64/winavr/bin/../lib/gcc/avr/4.3.3/avr5\libgcc.a(_copy_data.o)
 .data          0x008000e2        0x0 f:/material/nti/program/sdk_win_64/sdk_win_64/winavr/bin/../lib/gcc/avr/4.3.3/avr5\libgcc.a(_clear_bss.o)
 .data          0x008000e2        0x0 f:/material/nti/program/sdk_win_64/sdk_win_64/winavr/bin/../lib/gcc/avr/4.3.3/avr5\libgcc.a(_muldi3.o)
 .data          0x008000e2        0x0 f:/material/nti/program/sdk_win_64/sdk_win_64/winavr/bin/../lib/gcc/avr/4.3.3/avr5\libgcc.a(_fixunssfsi.o)
 .data          0x008000e2        0x0 f:/material/nti/program/sdk_win_64/sdk_win_64/winavr/bin/../lib/gcc/avr/4.3.3/avr5\libgcc.a(_addsub_sf.o)
 .data          0x008000e2        0x0 f:/material/nti/program/sdk_win_64/sdk_win_64/winavr/bin/../lib/gcc/avr/4.3.3/avr5\libgcc.a(_mul_sf.o)
 .data          0x008000e2        0x0 f:/material/nti/program/sdk_win_64/sdk_win_64/winavr/bin/../lib/gcc/avr/4.3.3/avr5\libgcc.a(_div_sf.o)
 .data          0x008000e2        0x0 f:/material/nti/program/sdk_win_64/sdk_win_64/winavr/bin/../lib/gcc/avr/4.3.3/avr5\libgcc.a(_gt_sf.o)
 .data          0x008000e2        0x0 f:/material/nti/program/sdk_win_64/sdk_win_64/winavr/bin/../lib/gcc/avr/4.3.3/avr5\libgcc.a(_ge_sf.o)
 .data          0x008000e2        0x0 f:/material/nti/program/sdk_win_64/sdk_win_64/winavr/bin/../lib/gcc/avr/4.3.3/avr5\libgcc.a(_lt_sf.o)
 .data          0x008000e2        0x0 f:/material/nti/program/sdk_win_64/sdk_win_64/winavr/bin/../lib/gcc/avr/4.3.3/avr5\libgcc.a(_sf_to_si.o)
 .data          0x008000e2        0x8 f:/material/nti/program/sdk_win_64/sdk_win_64/winavr/bin/../lib/gcc/avr/4.3.3/avr5\libgcc.a(_thenan_sf.o)
                0x008000e2                __thenan_sf
 .data          0x008000ea        0x0 f:/material/nti/program/sdk_win_64/sdk_win_64/winavr/bin/../lib/gcc/avr/4.3.3/avr5\libgcc.a(_prologue.o)
 .data          0x008000ea        0x0 f:/material/nti/program/sdk_win_64/sdk_win_64/winavr/bin/../lib/gcc/avr/4.3.3/avr5\libgcc.a(_epilogue.o)
 .data          0x008000ea        0x0 f:/material/nti/program/sdk_win_64/sdk_win_64/winavr/bin/../lib/gcc/avr/4.3.3/avr5\libgcc.a(_pack_sf.o)
 .data          0x008000ea        0x0 f:/material/nti/program/sdk_win_64/sdk_win_64/winavr/bin/../lib/gcc/avr/4.3.3/avr5\libgcc.a(_unpack_sf.o)
 .data          0x008000ea        0x0 f:/material/nti/program/sdk_win_64/sdk_win_64/winavr/bin/../lib/gcc/avr/4.3.3/avr5\libgcc.a(_fpcmp_parts_sf.o)
 .data          0x008000ea        0x0 f:/material/nti/program/sdk_win_64/sdk_win_64/winavr/bin/../lib/gcc/avr/4.3.3/../../../../avr/lib/avr5\libc.a(memcpy.o)
 .data          0x008000ea        0x0 f:/material/nti/program/sdk_win_64/sdk_win_64/winavr/bin/../lib/gcc/avr/4.3.3/../../../../avr/lib/avr5\libc.a(memset.o)
 *(.data*)
 .data.uxTopUsedPriority
                0x008000ea        0x1 ./Free_RTOS/tasks.o
                0x008000ea                uxTopUsedPriority
 .data.keypad_rows
                0x008000eb        0x8 ./key.o
                0x008000eb                keypad_rows
 .data.keypad_columns
                0x008000f3        0x8 ./key.o
                0x008000f3                keypad_columns
 .data.Customers
                0x008000fb       0xaa ./main.o
                0x008000fb                Customers
 *(.rodata)
 *(.rodata*)
 *(.gnu.linkonce.d*)
                0x008001a6                . = ALIGN (0x2)
 *fill*         0x008001a5        0x1 00
                0x008001a6                _edata = .
                0x008001a6                PROVIDE (__data_end, .)

.bss            0x008001a6      0x689
                0x008001a6                PROVIDE (__bss_start, .)
 *(.bss)
 .bss           0x008001a6        0x0 f:/material/nti/program/sdk_win_64/sdk_win_64/winavr/bin/../lib/gcc/avr/4.3.3/../../../../avr/lib/avr5/crtm32.o
 .bss           0x008001a6        0x0 ./MCAL/MDIO/MDIO_Program.o
 .bss           0x008001a6        0x0 ./Free_RTOS/croutine.o
 .bss           0x008001a6        0x0 ./Free_RTOS/event_groups.o
 .bss           0x008001a6        0x0 ./Free_RTOS/heap_1.o
 .bss           0x008001a6        0x0 ./Free_RTOS/list.o
 .bss           0x008001a6        0x0 ./Free_RTOS/port.o
 .bss           0x008001a6        0x0 ./Free_RTOS/queue.o
 .bss           0x008001a6        0x0 ./Free_RTOS/stream_buffer.o
 .bss           0x008001a6        0x0 ./Free_RTOS/tasks.o
 .bss           0x008001a6        0x0 ./Free_RTOS/timers.o
 .bss           0x008001a6        0x0 ./LCD.o
 .bss           0x008001a6        0x0 ./key.o
 .bss           0x008001a6        0x0 ./main.o
 .bss           0x008001a6        0x0 f:/material/nti/program/sdk_win_64/sdk_win_64/winavr/bin/../lib/gcc/avr/4.3.3/avr5\libgcc.a(_mulsi3.o)
 .bss           0x008001a6        0x0 f:/material/nti/program/sdk_win_64/sdk_win_64/winavr/bin/../lib/gcc/avr/4.3.3/avr5\libgcc.a(_udivmodhi4.o)
 .bss           0x008001a6        0x0 f:/material/nti/program/sdk_win_64/sdk_win_64/winavr/bin/../lib/gcc/avr/4.3.3/avr5\libgcc.a(_udivmodsi4.o)
 .bss           0x008001a6        0x0 f:/material/nti/program/sdk_win_64/sdk_win_64/winavr/bin/../lib/gcc/avr/4.3.3/avr5\libgcc.a(_exit.o)
 .bss           0x008001a6        0x0 f:/material/nti/program/sdk_win_64/sdk_win_64/winavr/bin/../lib/gcc/avr/4.3.3/avr5\libgcc.a(_copy_data.o)
 .bss           0x008001a6        0x0 f:/material/nti/program/sdk_win_64/sdk_win_64/winavr/bin/../lib/gcc/avr/4.3.3/avr5\libgcc.a(_clear_bss.o)
 .bss           0x008001a6        0x0 f:/material/nti/program/sdk_win_64/sdk_win_64/winavr/bin/../lib/gcc/avr/4.3.3/avr5\libgcc.a(_muldi3.o)
 .bss           0x008001a6        0x0 f:/material/nti/program/sdk_win_64/sdk_win_64/winavr/bin/../lib/gcc/avr/4.3.3/avr5\libgcc.a(_fixunssfsi.o)
 .bss           0x008001a6        0x0 f:/material/nti/program/sdk_win_64/sdk_win_64/winavr/bin/../lib/gcc/avr/4.3.3/avr5\libgcc.a(_addsub_sf.o)
 .bss           0x008001a6        0x0 f:/material/nti/program/sdk_win_64/sdk_win_64/winavr/bin/../lib/gcc/avr/4.3.3/avr5\libgcc.a(_mul_sf.o)
 .bss           0x008001a6        0x0 f:/material/nti/program/sdk_win_64/sdk_win_64/winavr/bin/../lib/gcc/avr/4.3.3/avr5\libgcc.a(_div_sf.o)
 .bss           0x008001a6        0x0 f:/material/nti/program/sdk_win_64/sdk_win_64/winavr/bin/../lib/gcc/avr/4.3.3/avr5\libgcc.a(_gt_sf.o)
 .bss           0x008001a6        0x0 f:/material/nti/program/sdk_win_64/sdk_win_64/winavr/bin/../lib/gcc/avr/4.3.3/avr5\libgcc.a(_ge_sf.o)
 .bss           0x008001a6        0x0 f:/material/nti/program/sdk_win_64/sdk_win_64/winavr/bin/../lib/gcc/avr/4.3.3/avr5\libgcc.a(_lt_sf.o)
 .bss           0x008001a6        0x0 f:/material/nti/program/sdk_win_64/sdk_win_64/winavr/bin/../lib/gcc/avr/4.3.3/avr5\libgcc.a(_sf_to_si.o)
 .bss           0x008001a6        0x0 f:/material/nti/program/sdk_win_64/sdk_win_64/winavr/bin/../lib/gcc/avr/4.3.3/avr5\libgcc.a(_thenan_sf.o)
 .bss           0x008001a6        0x0 f:/material/nti/program/sdk_win_64/sdk_win_64/winavr/bin/../lib/gcc/avr/4.3.3/avr5\libgcc.a(_prologue.o)
 .bss           0x008001a6        0x0 f:/material/nti/program/sdk_win_64/sdk_win_64/winavr/bin/../lib/gcc/avr/4.3.3/avr5\libgcc.a(_epilogue.o)
 .bss           0x008001a6        0x0 f:/material/nti/program/sdk_win_64/sdk_win_64/winavr/bin/../lib/gcc/avr/4.3.3/avr5\libgcc.a(_pack_sf.o)
 .bss           0x008001a6        0x0 f:/material/nti/program/sdk_win_64/sdk_win_64/winavr/bin/../lib/gcc/avr/4.3.3/avr5\libgcc.a(_unpack_sf.o)
 .bss           0x008001a6        0x0 f:/material/nti/program/sdk_win_64/sdk_win_64/winavr/bin/../lib/gcc/avr/4.3.3/avr5\libgcc.a(_fpcmp_parts_sf.o)
 .bss           0x008001a6        0x0 f:/material/nti/program/sdk_win_64/sdk_win_64/winavr/bin/../lib/gcc/avr/4.3.3/../../../../avr/lib/avr5\libc.a(memcpy.o)
 .bss           0x008001a6        0x0 f:/material/nti/program/sdk_win_64/sdk_win_64/winavr/bin/../lib/gcc/avr/4.3.3/../../../../avr/lib/avr5\libc.a(memset.o)
 *(.bss*)
 .bss.xNextFreeByte
                0x008001a6        0x2 ./Free_RTOS/heap_1.o
 .bss.pucAlignedHeap.1670
                0x008001a8        0x2 ./Free_RTOS/heap_1.o
 .bss.ucHeap    0x008001aa      0x5dc ./Free_RTOS/heap_1.o
 .bss.pxCurrentTCB
                0x00800786        0x2 ./Free_RTOS/tasks.o
                0x00800786                pxCurrentTCB
 .bss.uxDeletedTasksWaitingCleanUp
                0x00800788        0x1 ./Free_RTOS/tasks.o
 .bss.uxCurrentNumberOfTasks
                0x00800789        0x1 ./Free_RTOS/tasks.o
 .bss.xTickCount
                0x0080078a        0x2 ./Free_RTOS/tasks.o
 .bss.uxTopReadyPriority
                0x0080078c        0x1 ./Free_RTOS/tasks.o
 .bss.xSchedulerRunning
                0x0080078d        0x1 ./Free_RTOS/tasks.o
 .bss.xPendedTicks
                0x0080078e        0x2 ./Free_RTOS/tasks.o
 .bss.xYieldPending
                0x00800790        0x1 ./Free_RTOS/tasks.o
 .bss.xNumOfOverflows
                0x00800791        0x1 ./Free_RTOS/tasks.o
 .bss.uxTaskNumber
                0x00800792        0x1 ./Free_RTOS/tasks.o
 .bss.xNextTaskUnblockTime
                0x00800793        0x2 ./Free_RTOS/tasks.o
 .bss.xIdleTaskHandle
                0x00800795        0x2 ./Free_RTOS/tasks.o
 .bss.uxSchedulerSuspended
                0x00800797        0x1 ./Free_RTOS/tasks.o
 .bss.pxReadyTasksLists
                0x00800798       0x5a ./Free_RTOS/tasks.o
 .bss.xDelayedTaskList1
                0x008007f2        0x9 ./Free_RTOS/tasks.o
 .bss.xDelayedTaskList2
                0x008007fb        0x9 ./Free_RTOS/tasks.o
 .bss.pxDelayedTaskList
                0x00800804        0x2 ./Free_RTOS/tasks.o
 .bss.pxOverflowDelayedTaskList
                0x00800806        0x2 ./Free_RTOS/tasks.o
 .bss.xPendingReadyList
                0x00800808        0x9 ./Free_RTOS/tasks.o
 .bss.xTasksWaitingTermination
                0x00800811        0x9 ./Free_RTOS/tasks.o
 .bss.Global_Balance
                0x0080081a        0x4 ./main.o
                0x0080081a                Global_Balance
 .bss.need_poll.1977
                0x0080081e        0x1 ./main.o
 *(COMMON)
 COMMON         0x0080081f       0x10 ./main.o
                0x0080081f                LCDSem
                0x00800821                CardSem
                0x00800823                ptr
                0x00800825                OptionSem
                0x00800827                ExitSem
                0x00800829                PassSem
                0x0080082b                BalanceSem
                0x0080082d                CashSem
                0x0080082f                PROVIDE (__bss_end, .)
                0x000085d0                __data_load_start = LOADADDR (.data)
                0x00008716                __data_load_end = (__data_load_start + SIZEOF (.data))

.noinit         0x0080082f        0x0
                0x0080082f                PROVIDE (__noinit_start, .)
 *(.noinit*)
                0x0080082f                PROVIDE (__noinit_end, .)
                0x0080082f                _end = .
                0x0080082f                PROVIDE (__heap_start, .)

.eeprom         0x00810000        0x0
 *(.eeprom*)
                0x00810000                __eeprom_end = .

.fuse
 *(.fuse)
 *(.lfuse)
 *(.hfuse)
 *(.efuse)

.lock
 *(.lock*)

.signature
 *(.signature*)

.stab           0x00000000     0x9fa8
 *(.stab)
 .stab          0x00000000      0x894 ./MCAL/MDIO/MDIO_Program.o
 .stab          0x00000894      0x63c ./Free_RTOS/croutine.o
                                0x648 (size before relaxing)
 .stab          0x00000ed0      0xdf8 ./Free_RTOS/event_groups.o
                               0x1134 (size before relaxing)
 .stab          0x00001cc8      0x30c ./Free_RTOS/heap_1.o
                                0x7d4 (size before relaxing)
 .stab          0x00001fd4      0x474 ./Free_RTOS/list.o
                                0x870 (size before relaxing)
 .stab          0x00002448      0x840 ./Free_RTOS/port.o
                                0xcfc (size before relaxing)
 .stab          0x00002c88     0x1b78 ./Free_RTOS/queue.o
                               0x2040 (size before relaxing)
 .stab          0x00004800     0x15d8 ./Free_RTOS/stream_buffer.o
                               0x1a34 (size before relaxing)
 .stab          0x00005dd8     0x2550 ./Free_RTOS/tasks.o
                               0x2a48 (size before relaxing)
 .stab          0x00008328      0x1a4 ./Free_RTOS/timers.o
                                0x6cc (size before relaxing)
 .stab          0x000084cc      0x9a8 ./LCD.o
                                0xb58 (size before relaxing)
 .stab          0x00008e74      0x384 ./key.o
                                0x390 (size before relaxing)
 .stab          0x000091f8      0xdb0 ./main.o
                               0x1290 (size before relaxing)

.stabstr        0x00000000     0x53b2
 *(.stabstr)
 .stabstr       0x00000000     0x53b2 ./MCAL/MDIO/MDIO_Program.o

.stab.excl
 *(.stab.excl)

.stab.exclstr
 *(.stab.exclstr)

.stab.index
 *(.stab.index)

.stab.indexstr
 *(.stab.indexstr)

.comment
 *(.comment)

.debug
 *(.debug)

.line
 *(.line)

.debug_srcinfo
 *(.debug_srcinfo)

.debug_sfnames
 *(.debug_sfnames)

.debug_aranges  0x00000000      0x180
 *(.debug_aranges)
 .debug_aranges
                0x00000000       0x20 f:/material/nti/program/sdk_win_64/sdk_win_64/winavr/bin/../lib/gcc/avr/4.3.3/avr5\libgcc.a(_muldi3.o)
 .debug_aranges
                0x00000020       0x20 f:/material/nti/program/sdk_win_64/sdk_win_64/winavr/bin/../lib/gcc/avr/4.3.3/avr5\libgcc.a(_fixunssfsi.o)
 .debug_aranges
                0x00000040       0x20 f:/material/nti/program/sdk_win_64/sdk_win_64/winavr/bin/../lib/gcc/avr/4.3.3/avr5\libgcc.a(_addsub_sf.o)
 .debug_aranges
                0x00000060       0x20 f:/material/nti/program/sdk_win_64/sdk_win_64/winavr/bin/../lib/gcc/avr/4.3.3/avr5\libgcc.a(_mul_sf.o)
 .debug_aranges
                0x00000080       0x20 f:/material/nti/program/sdk_win_64/sdk_win_64/winavr/bin/../lib/gcc/avr/4.3.3/avr5\libgcc.a(_div_sf.o)
 .debug_aranges
                0x000000a0       0x20 f:/material/nti/program/sdk_win_64/sdk_win_64/winavr/bin/../lib/gcc/avr/4.3.3/avr5\libgcc.a(_gt_sf.o)
 .debug_aranges
                0x000000c0       0x20 f:/material/nti/program/sdk_win_64/sdk_win_64/winavr/bin/../lib/gcc/avr/4.3.3/avr5\libgcc.a(_ge_sf.o)
 .debug_aranges
                0x000000e0       0x20 f:/material/nti/program/sdk_win_64/sdk_win_64/winavr/bin/../lib/gcc/avr/4.3.3/avr5\libgcc.a(_lt_sf.o)
 .debug_aranges
                0x00000100       0x20 f:/material/nti/program/sdk_win_64/sdk_win_64/winavr/bin/../lib/gcc/avr/4.3.3/avr5\libgcc.a(_sf_to_si.o)
 .debug_aranges
                0x00000120       0x20 f:/material/nti/program/sdk_win_64/sdk_win_64/winavr/bin/../lib/gcc/avr/4.3.3/avr5\libgcc.a(_pack_sf.o)
 .debug_aranges
                0x00000140       0x20 f:/material/nti/program/sdk_win_64/sdk_win_64/winavr/bin/../lib/gcc/avr/4.3.3/avr5\libgcc.a(_unpack_sf.o)
 .debug_aranges
                0x00000160       0x20 f:/material/nti/program/sdk_win_64/sdk_win_64/winavr/bin/../lib/gcc/avr/4.3.3/avr5\libgcc.a(_fpcmp_parts_sf.o)

.debug_pubnames
                0x00000000      0x1ae
 *(.debug_pubnames)
 .debug_pubnames
                0x00000000       0x1f f:/material/nti/program/sdk_win_64/sdk_win_64/winavr/bin/../lib/gcc/avr/4.3.3/avr5\libgcc.a(_muldi3.o)
 .debug_pubnames
                0x0000001f       0x23 f:/material/nti/program/sdk_win_64/sdk_win_64/winavr/bin/../lib/gcc/avr/4.3.3/avr5\libgcc.a(_fixunssfsi.o)
 .debug_pubnames
                0x00000042       0x2c f:/material/nti/program/sdk_win_64/sdk_win_64/winavr/bin/../lib/gcc/avr/4.3.3/avr5\libgcc.a(_addsub_sf.o)
 .debug_pubnames
                0x0000006e       0x1f f:/material/nti/program/sdk_win_64/sdk_win_64/winavr/bin/../lib/gcc/avr/4.3.3/avr5\libgcc.a(_mul_sf.o)
 .debug_pubnames
                0x0000008d       0x1f f:/material/nti/program/sdk_win_64/sdk_win_64/winavr/bin/../lib/gcc/avr/4.3.3/avr5\libgcc.a(_div_sf.o)
 .debug_pubnames
                0x000000ac       0x1e f:/material/nti/program/sdk_win_64/sdk_win_64/winavr/bin/../lib/gcc/avr/4.3.3/avr5\libgcc.a(_gt_sf.o)
 .debug_pubnames
                0x000000ca       0x1e f:/material/nti/program/sdk_win_64/sdk_win_64/winavr/bin/../lib/gcc/avr/4.3.3/avr5\libgcc.a(_ge_sf.o)
 .debug_pubnames
                0x000000e8       0x1e f:/material/nti/program/sdk_win_64/sdk_win_64/winavr/bin/../lib/gcc/avr/4.3.3/avr5\libgcc.a(_lt_sf.o)
 .debug_pubnames
                0x00000106       0x20 f:/material/nti/program/sdk_win_64/sdk_win_64/winavr/bin/../lib/gcc/avr/4.3.3/avr5\libgcc.a(_sf_to_si.o)
 .debug_pubnames
                0x00000126       0x22 f:/material/nti/program/sdk_win_64/sdk_win_64/winavr/bin/../lib/gcc/avr/4.3.3/avr5\libgcc.a(_thenan_sf.o)
 .debug_pubnames
                0x00000148       0x1f f:/material/nti/program/sdk_win_64/sdk_win_64/winavr/bin/../lib/gcc/avr/4.3.3/avr5\libgcc.a(_pack_sf.o)
 .debug_pubnames
                0x00000167       0x21 f:/material/nti/program/sdk_win_64/sdk_win_64/winavr/bin/../lib/gcc/avr/4.3.3/avr5\libgcc.a(_unpack_sf.o)
 .debug_pubnames
                0x00000188       0x26 f:/material/nti/program/sdk_win_64/sdk_win_64/winavr/bin/../lib/gcc/avr/4.3.3/avr5\libgcc.a(_fpcmp_parts_sf.o)

.debug_info     0x00000000     0x224b
 *(.debug_info)
 .debug_info    0x00000000      0x206 f:/material/nti/program/sdk_win_64/sdk_win_64/winavr/bin/../lib/gcc/avr/4.3.3/avr5\libgcc.a(_muldi3.o)
 .debug_info    0x00000206       0xb1 f:/material/nti/program/sdk_win_64/sdk_win_64/winavr/bin/../lib/gcc/avr/4.3.3/avr5\libgcc.a(_fixunssfsi.o)
 .debug_info    0x000002b7      0x47a f:/material/nti/program/sdk_win_64/sdk_win_64/winavr/bin/../lib/gcc/avr/4.3.3/avr5\libgcc.a(_addsub_sf.o)
 .debug_info    0x00000731      0x485 f:/material/nti/program/sdk_win_64/sdk_win_64/winavr/bin/../lib/gcc/avr/4.3.3/avr5\libgcc.a(_mul_sf.o)
 .debug_info    0x00000bb6      0x3fc f:/material/nti/program/sdk_win_64/sdk_win_64/winavr/bin/../lib/gcc/avr/4.3.3/avr5\libgcc.a(_div_sf.o)
 .debug_info    0x00000fb2      0x27f f:/material/nti/program/sdk_win_64/sdk_win_64/winavr/bin/../lib/gcc/avr/4.3.3/avr5\libgcc.a(_gt_sf.o)
 .debug_info    0x00001231      0x27f f:/material/nti/program/sdk_win_64/sdk_win_64/winavr/bin/../lib/gcc/avr/4.3.3/avr5\libgcc.a(_ge_sf.o)
 .debug_info    0x000014b0      0x27f f:/material/nti/program/sdk_win_64/sdk_win_64/winavr/bin/../lib/gcc/avr/4.3.3/avr5\libgcc.a(_lt_sf.o)
 .debug_info    0x0000172f      0x2b0 f:/material/nti/program/sdk_win_64/sdk_win_64/winavr/bin/../lib/gcc/avr/4.3.3/avr5\libgcc.a(_sf_to_si.o)
 .debug_info    0x000019df      0x12c f:/material/nti/program/sdk_win_64/sdk_win_64/winavr/bin/../lib/gcc/avr/4.3.3/avr5\libgcc.a(_thenan_sf.o)
 .debug_info    0x00001b0b      0x2df f:/material/nti/program/sdk_win_64/sdk_win_64/winavr/bin/../lib/gcc/avr/4.3.3/avr5\libgcc.a(_pack_sf.o)
 .debug_info    0x00001dea      0x251 f:/material/nti/program/sdk_win_64/sdk_win_64/winavr/bin/../lib/gcc/avr/4.3.3/avr5\libgcc.a(_unpack_sf.o)
 .debug_info    0x0000203b      0x210 f:/material/nti/program/sdk_win_64/sdk_win_64/winavr/bin/../lib/gcc/avr/4.3.3/avr5\libgcc.a(_fpcmp_parts_sf.o)
 *(.gnu.linkonce.wi.*)

.debug_abbrev   0x00000000     0x11f1
 *(.debug_abbrev)
 .debug_abbrev  0x00000000       0xf0 f:/material/nti/program/sdk_win_64/sdk_win_64/winavr/bin/../lib/gcc/avr/4.3.3/avr5\libgcc.a(_muldi3.o)
 .debug_abbrev  0x000000f0       0x5d f:/material/nti/program/sdk_win_64/sdk_win_64/winavr/bin/../lib/gcc/avr/4.3.3/avr5\libgcc.a(_fixunssfsi.o)
 .debug_abbrev  0x0000014d      0x1ea f:/material/nti/program/sdk_win_64/sdk_win_64/winavr/bin/../lib/gcc/avr/4.3.3/avr5\libgcc.a(_addsub_sf.o)
 .debug_abbrev  0x00000337      0x21b f:/material/nti/program/sdk_win_64/sdk_win_64/winavr/bin/../lib/gcc/avr/4.3.3/avr5\libgcc.a(_mul_sf.o)
 .debug_abbrev  0x00000552      0x216 f:/material/nti/program/sdk_win_64/sdk_win_64/winavr/bin/../lib/gcc/avr/4.3.3/avr5\libgcc.a(_div_sf.o)
 .debug_abbrev  0x00000768      0x15a f:/material/nti/program/sdk_win_64/sdk_win_64/winavr/bin/../lib/gcc/avr/4.3.3/avr5\libgcc.a(_gt_sf.o)
 .debug_abbrev  0x000008c2      0x15a f:/material/nti/program/sdk_win_64/sdk_win_64/winavr/bin/../lib/gcc/avr/4.3.3/avr5\libgcc.a(_ge_sf.o)
 .debug_abbrev  0x00000a1c      0x15a f:/material/nti/program/sdk_win_64/sdk_win_64/winavr/bin/../lib/gcc/avr/4.3.3/avr5\libgcc.a(_lt_sf.o)
 .debug_abbrev  0x00000b76      0x17f f:/material/nti/program/sdk_win_64/sdk_win_64/winavr/bin/../lib/gcc/avr/4.3.3/avr5\libgcc.a(_sf_to_si.o)
 .debug_abbrev  0x00000cf5       0xad f:/material/nti/program/sdk_win_64/sdk_win_64/winavr/bin/../lib/gcc/avr/4.3.3/avr5\libgcc.a(_thenan_sf.o)
 .debug_abbrev  0x00000da2      0x1c0 f:/material/nti/program/sdk_win_64/sdk_win_64/winavr/bin/../lib/gcc/avr/4.3.3/avr5\libgcc.a(_pack_sf.o)
 .debug_abbrev  0x00000f62      0x154 f:/material/nti/program/sdk_win_64/sdk_win_64/winavr/bin/../lib/gcc/avr/4.3.3/avr5\libgcc.a(_unpack_sf.o)
 .debug_abbrev  0x000010b6      0x13b f:/material/nti/program/sdk_win_64/sdk_win_64/winavr/bin/../lib/gcc/avr/4.3.3/avr5\libgcc.a(_fpcmp_parts_sf.o)

.debug_line     0x00000000     0x1031
 *(.debug_line)
 .debug_line    0x00000000       0xaf f:/material/nti/program/sdk_win_64/sdk_win_64/winavr/bin/../lib/gcc/avr/4.3.3/avr5\libgcc.a(_muldi3.o)
 .debug_line    0x000000af       0xa7 f:/material/nti/program/sdk_win_64/sdk_win_64/winavr/bin/../lib/gcc/avr/4.3.3/avr5\libgcc.a(_fixunssfsi.o)
 .debug_line    0x00000156      0x2af f:/material/nti/program/sdk_win_64/sdk_win_64/winavr/bin/../lib/gcc/avr/4.3.3/avr5\libgcc.a(_addsub_sf.o)
 .debug_line    0x00000405      0x239 f:/material/nti/program/sdk_win_64/sdk_win_64/winavr/bin/../lib/gcc/avr/4.3.3/avr5\libgcc.a(_mul_sf.o)
 .debug_line    0x0000063e      0x1d5 f:/material/nti/program/sdk_win_64/sdk_win_64/winavr/bin/../lib/gcc/avr/4.3.3/avr5\libgcc.a(_div_sf.o)
 .debug_line    0x00000813       0xd3 f:/material/nti/program/sdk_win_64/sdk_win_64/winavr/bin/../lib/gcc/avr/4.3.3/avr5\libgcc.a(_gt_sf.o)
 .debug_line    0x000008e6       0xd3 f:/material/nti/program/sdk_win_64/sdk_win_64/winavr/bin/../lib/gcc/avr/4.3.3/avr5\libgcc.a(_ge_sf.o)
 .debug_line    0x000009b9       0xd3 f:/material/nti/program/sdk_win_64/sdk_win_64/winavr/bin/../lib/gcc/avr/4.3.3/avr5\libgcc.a(_lt_sf.o)
 .debug_line    0x00000a8c      0x109 f:/material/nti/program/sdk_win_64/sdk_win_64/winavr/bin/../lib/gcc/avr/4.3.3/avr5\libgcc.a(_sf_to_si.o)
 .debug_line    0x00000b95       0x90 f:/material/nti/program/sdk_win_64/sdk_win_64/winavr/bin/../lib/gcc/avr/4.3.3/avr5\libgcc.a(_thenan_sf.o)
 .debug_line    0x00000c25      0x18a f:/material/nti/program/sdk_win_64/sdk_win_64/winavr/bin/../lib/gcc/avr/4.3.3/avr5\libgcc.a(_pack_sf.o)
 .debug_line    0x00000daf      0x14b f:/material/nti/program/sdk_win_64/sdk_win_64/winavr/bin/../lib/gcc/avr/4.3.3/avr5\libgcc.a(_unpack_sf.o)
 .debug_line    0x00000efa      0x137 f:/material/nti/program/sdk_win_64/sdk_win_64/winavr/bin/../lib/gcc/avr/4.3.3/avr5\libgcc.a(_fpcmp_parts_sf.o)

.debug_frame    0x00000000      0x1a0
 *(.debug_frame)
 .debug_frame   0x00000000       0x20 f:/material/nti/program/sdk_win_64/sdk_win_64/winavr/bin/../lib/gcc/avr/4.3.3/avr5\libgcc.a(_muldi3.o)
 .debug_frame   0x00000020       0x20 f:/material/nti/program/sdk_win_64/sdk_win_64/winavr/bin/../lib/gcc/avr/4.3.3/avr5\libgcc.a(_fixunssfsi.o)
 .debug_frame   0x00000040       0x40 f:/material/nti/program/sdk_win_64/sdk_win_64/winavr/bin/../lib/gcc/avr/4.3.3/avr5\libgcc.a(_addsub_sf.o)
 .debug_frame   0x00000080       0x20 f:/material/nti/program/sdk_win_64/sdk_win_64/winavr/bin/../lib/gcc/avr/4.3.3/avr5\libgcc.a(_mul_sf.o)
 .debug_frame   0x000000a0       0x20 f:/material/nti/program/sdk_win_64/sdk_win_64/winavr/bin/../lib/gcc/avr/4.3.3/avr5\libgcc.a(_div_sf.o)
 .debug_frame   0x000000c0       0x20 f:/material/nti/program/sdk_win_64/sdk_win_64/winavr/bin/../lib/gcc/avr/4.3.3/avr5\libgcc.a(_gt_sf.o)
 .debug_frame   0x000000e0       0x20 f:/material/nti/program/sdk_win_64/sdk_win_64/winavr/bin/../lib/gcc/avr/4.3.3/avr5\libgcc.a(_ge_sf.o)
 .debug_frame   0x00000100       0x20 f:/material/nti/program/sdk_win_64/sdk_win_64/winavr/bin/../lib/gcc/avr/4.3.3/avr5\libgcc.a(_lt_sf.o)
 .debug_frame   0x00000120       0x20 f:/material/nti/program/sdk_win_64/sdk_win_64/winavr/bin/../lib/gcc/avr/4.3.3/avr5\libgcc.a(_sf_to_si.o)
 .debug_frame   0x00000140       0x20 f:/material/nti/program/sdk_win_64/sdk_win_64/winavr/bin/../lib/gcc/avr/4.3.3/avr5\libgcc.a(_pack_sf.o)
 .debug_frame   0x00000160       0x20 f:/material/nti/program/sdk_win_64/sdk_win_64/winavr/bin/../lib/gcc/avr/4.3.3/avr5\libgcc.a(_unpack_sf.o)
 .debug_frame   0x00000180       0x20 f:/material/nti/program/sdk_win_64/sdk_win_64/winavr/bin/../lib/gcc/avr/4.3.3/avr5\libgcc.a(_fpcmp_parts_sf.o)

.debug_str      0x00000000      0x30b
 *(.debug_str)
 .debug_str     0x00000000       0xf4 f:/material/nti/program/sdk_win_64/sdk_win_64/winavr/bin/../lib/gcc/avr/4.3.3/avr5\libgcc.a(_muldi3.o)
                                0x13f (size before relaxing)
 .debug_str     0x000000f4       0x14 f:/material/nti/program/sdk_win_64/sdk_win_64/winavr/bin/../lib/gcc/avr/4.3.3/avr5\libgcc.a(_fixunssfsi.o)
                                 0xfe (size before relaxing)
 .debug_str     0x00000108      0x14d f:/material/nti/program/sdk_win_64/sdk_win_64/winavr/bin/../lib/gcc/avr/4.3.3/avr5\libgcc.a(_addsub_sf.o)
                                0x206 (size before relaxing)
 .debug_str     0x00000255       0x27 f:/material/nti/program/sdk_win_64/sdk_win_64/winavr/bin/../lib/gcc/avr/4.3.3/avr5\libgcc.a(_mul_sf.o)
                                0x1bf (size before relaxing)
 .debug_str     0x0000027c       0x35 f:/material/nti/program/sdk_win_64/sdk_win_64/winavr/bin/../lib/gcc/avr/4.3.3/avr5\libgcc.a(_div_sf.o)
                                0x1c8 (size before relaxing)
 .debug_str     0x000002b1        0xf f:/material/nti/program/sdk_win_64/sdk_win_64/winavr/bin/../lib/gcc/avr/4.3.3/avr5\libgcc.a(_gt_sf.o)
                                0x195 (size before relaxing)
 .debug_str     0x000002c0        0x8 f:/material/nti/program/sdk_win_64/sdk_win_64/winavr/bin/../lib/gcc/avr/4.3.3/avr5\libgcc.a(_ge_sf.o)
                                0x195 (size before relaxing)
 .debug_str     0x000002c8        0x8 f:/material/nti/program/sdk_win_64/sdk_win_64/winavr/bin/../lib/gcc/avr/4.3.3/avr5\libgcc.a(_lt_sf.o)
                                0x195 (size before relaxing)
 .debug_str     0x000002d0        0xa f:/material/nti/program/sdk_win_64/sdk_win_64/winavr/bin/../lib/gcc/avr/4.3.3/avr5\libgcc.a(_sf_to_si.o)
                                0x19e (size before relaxing)
 .debug_str     0x00000000      0x103 f:/material/nti/program/sdk_win_64/sdk_win_64/winavr/bin/../lib/gcc/avr/4.3.3/avr5\libgcc.a(_thenan_sf.o)
 .debug_str     0x000002da       0x16 f:/material/nti/program/sdk_win_64/sdk_win_64/winavr/bin/../lib/gcc/avr/4.3.3/avr5\libgcc.a(_pack_sf.o)
                                0x19d (size before relaxing)
 .debug_str     0x000002f0        0xb f:/material/nti/program/sdk_win_64/sdk_win_64/winavr/bin/../lib/gcc/avr/4.3.3/avr5\libgcc.a(_unpack_sf.o)
                                0x17f (size before relaxing)
 .debug_str     0x000002fb       0x10 f:/material/nti/program/sdk_win_64/sdk_win_64/winavr/bin/../lib/gcc/avr/4.3.3/avr5\libgcc.a(_fpcmp_parts_sf.o)
                                0x163 (size before relaxing)

.debug_loc      0x00000000      0x95a
 *(.debug_loc)
 .debug_loc     0x00000000       0xcc f:/material/nti/program/sdk_win_64/sdk_win_64/winavr/bin/../lib/gcc/avr/4.3.3/avr5\libgcc.a(_muldi3.o)
 .debug_loc     0x000000cc       0x34 f:/material/nti/program/sdk_win_64/sdk_win_64/winavr/bin/../lib/gcc/avr/4.3.3/avr5\libgcc.a(_fixunssfsi.o)
 .debug_loc     0x00000100      0x32a f:/material/nti/program/sdk_win_64/sdk_win_64/winavr/bin/../lib/gcc/avr/4.3.3/avr5\libgcc.a(_addsub_sf.o)
 .debug_loc     0x0000042a      0x104 f:/material/nti/program/sdk_win_64/sdk_win_64/winavr/bin/../lib/gcc/avr/4.3.3/avr5\libgcc.a(_mul_sf.o)
 .debug_loc     0x0000052e       0xc0 f:/material/nti/program/sdk_win_64/sdk_win_64/winavr/bin/../lib/gcc/avr/4.3.3/avr5\libgcc.a(_div_sf.o)
 .debug_loc     0x000005ee       0x3c f:/material/nti/program/sdk_win_64/sdk_win_64/winavr/bin/../lib/gcc/avr/4.3.3/avr5\libgcc.a(_gt_sf.o)
 .debug_loc     0x0000062a       0x3c f:/material/nti/program/sdk_win_64/sdk_win_64/winavr/bin/../lib/gcc/avr/4.3.3/avr5\libgcc.a(_ge_sf.o)
 .debug_loc     0x00000666       0x3c f:/material/nti/program/sdk_win_64/sdk_win_64/winavr/bin/../lib/gcc/avr/4.3.3/avr5\libgcc.a(_lt_sf.o)
 .debug_loc     0x000006a2       0x7e f:/material/nti/program/sdk_win_64/sdk_win_64/winavr/bin/../lib/gcc/avr/4.3.3/avr5\libgcc.a(_sf_to_si.o)
 .debug_loc     0x00000720      0x13e f:/material/nti/program/sdk_win_64/sdk_win_64/winavr/bin/../lib/gcc/avr/4.3.3/avr5\libgcc.a(_pack_sf.o)
 .debug_loc     0x0000085e       0xac f:/material/nti/program/sdk_win_64/sdk_win_64/winavr/bin/../lib/gcc/avr/4.3.3/avr5\libgcc.a(_unpack_sf.o)
 .debug_loc     0x0000090a       0x50 f:/material/nti/program/sdk_win_64/sdk_win_64/winavr/bin/../lib/gcc/avr/4.3.3/avr5\libgcc.a(_fpcmp_parts_sf.o)

.debug_macinfo
 *(.debug_macinfo)
OUTPUT(atm_pro.elf elf32-avr)
LOAD linker stubs

.debug_ranges   0x00000000       0x50
 .debug_ranges  0x00000000       0x50 f:/material/nti/program/sdk_win_64/sdk_win_64/winavr/bin/../lib/gcc/avr/4.3.3/avr5\libgcc.a(_mul_sf.o)
